// Jest Snapshot v1, https://goo.gl/fbAQLP

exports[`BookShelf should render BookShelf 1`] = `
<div>
  LOADING...
</div>
`;
