// Jest Snapshot v1, https://goo.gl/fbAQLP

exports[`Header should render header 1`] = `
<div
  className="bookShelf"
>
  <div
    className="header"
  >
    <div
      className="headerLineLeft"
    >
      <hr />
    </div>
    <div
      className="title"
    >
      BS
    </div>
    <div
      className="headerLineRight"
    >
      <hr />
    </div>
  </div>
  <div
    className="subheading"
  >
    The Book Shelf
  </div>
</div>
`;
